ASxxxx Linker V03.00 + NoICE + sdld,  page 1.
Hexadecimal  [32-Bits]

Area                                    Addr        Size        Decimal Bytes (Attributes)
--------------------------------        ----        ----        ------- ----- ------------
CABS                                00000000    00000000 =           0. bytes (ABS,CON,CODE)

      Value  Global                              Global Defined In Module
      -----  --------------------------------   ------------------------
C:   00000000  l_BIT_BANK                      
C:   00000000  l_CABS                          
C:   00000000  l_CONST                         
C:   00000000  l_GSINIT1                       
C:   00000000  l_GSINIT5                       
C:   00000000  l_IABS                          
C:   00000000  l_ISEG                          
C:   00000000  l_PSEG                          
C:   00000000  l_REG_BANK_1                    
C:   00000000  l_REG_BANK_2                    
C:   00000000  l_REG_BANK_3                    
C:   00000000  l_RSEG                          
C:   00000000  l_RSEG0                         
C:   00000000  l_RSEG1                         
C:   00000000  l_XABS                          
C:   00000000  l_XINIT                         
C:   00000000  l_XISEG                         
C:   00000000  l_XSEG                          
C:   00000000  l__CODE                         
C:   00000000  s_BSEG                          
C:   00000000  s_CABS                          
C:   00000000  s_DSEG                          
C:   00000000  s_HOME                          
C:   00000000  s_IABS                          
C:   00000000  s_ISEG                          
C:   00000000  s_REG_BANK_0                    
C:   00000000  s_RSEG                          
C:   00000000  s_RSEG0                         
C:   00000000  s_RSEG1                         
C:   00000000  s_XABS                          
C:   00000001  l_BSEG_BYTES                    
C:   00000001  s_PSEG                          
C:   00000001  s_XISEG                         
C:   00000001  s_XSEG                          
C:   00000002  l_BSEG                          
C:   00000002  l_OSEG                          
C:   00000003  l_GSFINAL                       
C:   00000003  l_GSINIT0                       
C:   00000008  l_REG_BANK_0                    
C:   00000008  s_REG_BANK_1                    
C:   0000000A  l_GSINIT2                       
C:   0000000B  s_OSEG                          
C:   00000010  s_REG_BANK_2                    
C:   00000018  s_BIT_BANK                      
C:   00000018  s_REG_BANK_3                    
C:   00000020  s_BSEG_BYTES                    
C:   00000020  s__CODE                         
C:   00000022  l_GSINIT3                       
C:   0000002A  l_GSINIT4                       
C:   00000041  s_SSEG                          
ASxxxx Linker V03.00 + NoICE + sdld,  page 2.
Hexadecimal  [32-Bits]

Area                                    Addr        Size        Decimal Bytes (Attributes)
--------------------------------        ----        ----        ------- ----- ------------
CABS                                00000000    00000000 =           0. bytes (ABS,CON,CODE)

      Value  Global                              Global Defined In Module
      -----  --------------------------------   ------------------------
C:   00000054  l_GSINIT                        
C:   0000005E  l_TABLE                         
C:   0000006B  l_HOME                          
C:   0000006B  s_GSINIT0                       
C:   0000006D  l_DSEG                          
C:   0000006E  s_GSINIT1                       
C:   0000006E  s_GSINIT2                       
C:   00000071  l_CSEG                          
C:   00000078  s_GSINIT3                       
C:   0000009A  s_GSINIT4                       
C:   000000BF  l_SSEG                          
C:   000000C4  s_GSINIT                        
C:   000000C4  s_GSINIT5                       
C:   00000100  l_IRAM                          
C:   00000118  s_GSFINAL                       
C:   0000011B  s_CSEG                          
C:   0000018C  s_CONST                         
C:   0000018C  s_XINIT                         
C:   000002C6  l_USB_INTERRUPTS                
C:   00001000  s_TABLE                         
C:   00002000  s_USB_INTERRUPTS                

ASxxxx Linker V03.00 + NoICE + sdld,  page 3.
Hexadecimal  [32-Bits]

Area                                    Addr        Size        Decimal Bytes (Attributes)
--------------------------------        ----        ----        ------- ----- ------------
.  .ABS.                            00000000    00000000 =           0. bytes (ABS,CON)

      Value  Global                              Global Defined In Module
      -----  --------------------------------   ------------------------
     00000000  .__.ABS.                           _startup
     00000080  _IOA                               table
     00000080  _PA0                               table
     00000081  _PA1                               table
     00000088  _IT0                               table
     00000088  _TCON                              table
     00000089  _IE0                               table
     00000089  _TMOD                              table
     0000008A  _IT1                               table
     0000008A  _TL0                               table
     0000008B  _IE1                               table
     0000008B  _TL1                               table
     0000008C  _TH0                               table
     0000008C  _TR0                               table
     0000008D  _TF0                               table
     0000008D  _TH1                               table
     0000008E  _CKCON                             table
     0000008E  _TR1                               table
     0000008F  _TF1                               table
     00000091  _EXIF                              table
     00000092  _MPAGE                             table
     00000092  __XPAGE                            table
     000000A8  _EX0                               table
     000000A8  _IE                                table
     000000A9  _ET0                               table
     000000AA  _EX1                               table
     000000AB  _ET1                               table
     000000AC  _ES0                               table
     000000AD  _ET2                               table
     000000AE  _ES1                               table
     000000AF  _EA                                table
     000000B2  _OEA                               table
     000000D0  _PSW                               table
     000000E0  _ACC                               table
     000000E8  _EIE                               table
     000000E8  _EUSB                              table
     000000E9  _EI2C                              table
     000000EA  _EX4                               table
     000000EB  _EX5                               table
     000000EC  _EX6                               table
     0000E600  _CPUCS                             table
     0000E65C  _USBIE                             table
     0000E65D  _USBIRQ                            table
     0000E65E  _EPIE                              table
     0000E65F  _EPIRQ                             table
     0000E668  _INTSETUP                          table
     0000E680  _USBCS                             table
     0000E68A  _EP0BCH                            table
     0000E68B  _EP0BCL                            table
     0000E6A0  _EP0CS                             table
ASxxxx Linker V03.00 + NoICE + sdld,  page 4.
Hexadecimal  [32-Bits]

Area                                    Addr        Size        Decimal Bytes (Attributes)
--------------------------------        ----        ----        ------- ----- ------------
.  .ABS.                            00000000    00000000 =           0. bytes (ABS,CON)

      Value  Global                              Global Defined In Module
      -----  --------------------------------   ------------------------
     0000E6B3  _SUDPTRH                           table
     0000E6B4  _SUDPTRL                           table
     0000E6B5  _SUDPTRCTL                         table

ASxxxx Linker V03.00 + NoICE + sdld,  page 5.
Hexadecimal  [32-Bits]

Area                                    Addr        Size        Decimal Bytes (Attributes)
--------------------------------        ----        ----        ------- ----- ------------
BSEG_BYTES                          00000020    00000001 =           1. bytes (REL,CON)

      Value  Global                              Global Defined In Module
      -----  --------------------------------   ------------------------
ASxxxx Linker V03.00 + NoICE + sdld,  page 6.
Hexadecimal  [32-Bits]

Area                                    Addr        Size        Decimal Bytes (Attributes)
--------------------------------        ----        ----        ------- ----- ------------
REG_BANK_0                          00000000    00000008 =           8. bytes (REL,OVR)

      Value  Global                              Global Defined In Module
      -----  --------------------------------   ------------------------
ASxxxx Linker V03.00 + NoICE + sdld,  page 7.
Hexadecimal  [32-Bits]

Area                                    Addr        Size        Decimal Bytes (Attributes)
--------------------------------        ----        ----        ------- ----- ------------
DSEG                                00000000    0000006D =         109. bytes (REL,CON)

      Value  Global                              Global Defined In Module
      -----  --------------------------------   ------------------------
     00000008  _pCode                             main
     0000000A  _cntTmp                            main
     00000021  _ptr_dat                           interrupts
     00000023  _ptr_descriptor                    interrupts
     00000025  _ptr_setupdat                      interrupts
     00000027  _std_func                          interrupts
ASxxxx Linker V03.00 + NoICE + sdld,  page 8.
Hexadecimal  [32-Bits]

Area                                    Addr        Size        Decimal Bytes (Attributes)
--------------------------------        ----        ----        ------- ----- ------------
OSEG                                0000000B    00000002 =           2. bytes (REL,OVR)

      Value  Global                              Global Defined In Module
      -----  --------------------------------   ------------------------
ASxxxx Linker V03.00 + NoICE + sdld,  page 9.
Hexadecimal  [32-Bits]

Area                                    Addr        Size        Decimal Bytes (Attributes)
--------------------------------        ----        ----        ------- ----- ------------
SSEG                                00000041    000000BF =         191. bytes (REL,OVR)

      Value  Global                              Global Defined In Module
      -----  --------------------------------   ------------------------
     00000041  __start__stack                     main

ASxxxx Linker V03.00 + NoICE + sdld,  page 10.
Hexadecimal  [32-Bits]

Area                                    Addr        Size        Decimal Bytes (Attributes)
--------------------------------        ----        ----        ------- ----- ------------
HOME                                00000000    0000006B =         107. bytes (REL,CON,CODE)

      Value  Global                              Global Defined In Module
      -----  --------------------------------   ------------------------
C:   00000066  __sdcc_program_startup             main
C:   00000069  __sdcc_call_dptr                   

ASxxxx Linker V03.00 + NoICE + sdld,  page 11.
Hexadecimal  [32-Bits]

Area                                    Addr        Size        Decimal Bytes (Attributes)
--------------------------------        ----        ----        ------- ----- ------------
GSINIT0                             0000006B    00000003 =           3. bytes (REL,CON,CODE)

      Value  Global                              Global Defined In Module
      -----  --------------------------------   ------------------------
C:   0000006B  __sdcc_gsinit_startup              

ASxxxx Linker V03.00 + NoICE + sdld,  page 12.
Hexadecimal  [32-Bits]

Area                                    Addr        Size        Decimal Bytes (Attributes)
--------------------------------        ----        ----        ------- ----- ------------
GSINIT2                             0000006E    0000000A =          10. bytes (REL,CON,CODE)

      Value  Global                              Global Defined In Module
      -----  --------------------------------   ------------------------
ASxxxx Linker V03.00 + NoICE + sdld,  page 13.
Hexadecimal  [32-Bits]

Area                                    Addr        Size        Decimal Bytes (Attributes)
--------------------------------        ----        ----        ------- ----- ------------
GSINIT3                             00000078    00000022 =          34. bytes (REL,CON,CODE)

      Value  Global                              Global Defined In Module
      -----  --------------------------------   ------------------------
C:   00000078  __mcs51_genXINIT                   

ASxxxx Linker V03.00 + NoICE + sdld,  page 14.
Hexadecimal  [32-Bits]

Area                                    Addr        Size        Decimal Bytes (Attributes)
--------------------------------        ----        ----        ------- ----- ------------
GSINIT4                             0000009A    0000002A =          42. bytes (REL,CON,CODE)

      Value  Global                              Global Defined In Module
      -----  --------------------------------   ------------------------
C:   0000009A  __mcs51_genRAMCLEAR                
C:   000000A0  __mcs51_genXRAMCLEAR               

ASxxxx Linker V03.00 + NoICE + sdld,  page 15.
Hexadecimal  [32-Bits]

Area                                    Addr        Size        Decimal Bytes (Attributes)
--------------------------------        ----        ----        ------- ----- ------------
GSINIT                              000000C4    00000054 =          84. bytes (REL,CON,CODE)

      Value  Global                              Global Defined In Module
      -----  --------------------------------   ------------------------
ASxxxx Linker V03.00 + NoICE + sdld,  page 16.
Hexadecimal  [32-Bits]

Area                                    Addr        Size        Decimal Bytes (Attributes)
--------------------------------        ----        ----        ------- ----- ------------
GSFINAL                             00000118    00000003 =           3. bytes (REL,CON,CODE)

      Value  Global                              Global Defined In Module
      -----  --------------------------------   ------------------------
ASxxxx Linker V03.00 + NoICE + sdld,  page 17.
Hexadecimal  [32-Bits]

Area                                    Addr        Size        Decimal Bytes (Attributes)
--------------------------------        ----        ----        ------- ----- ------------
CSEG                                0000011B    00000071 =         113. bytes (REL,CON,CODE)

      Value  Global                              Global Defined In Module
      -----  --------------------------------   ------------------------
C:   0000011B  _sync_delay                        main
C:   00000126  _main                              main
C:   00000188  __sdcc_external_startup            _startup
ASxxxx Linker V03.00 + NoICE + sdld,  page 18.
Hexadecimal  [32-Bits]

Area                                    Addr        Size        Decimal Bytes (Attributes)
--------------------------------        ----        ----        ------- ----- ------------
USB_INTERRUPTS                      00002000    000002C6 =         710. bytes (REL,CON,CODE)

      Value  Global                              Global Defined In Module
      -----  --------------------------------   ------------------------
C:   00002000  _vectors                           interrupts
C:   0000200C  _int0                              interrupts
C:   0000200D  _tim0                              interrupts
C:   0000200E  _int1                              interrupts
C:   0000200F  _tim1                              interrupts
C:   00002010  _usart0                            interrupts
C:   00002011  _tim2                              interrupts
C:   00002012  _res                               interrupts
C:   00002013  _usart1                            interrupts
C:   00002014  _usb                               interrupts
C:   00002015  _i2c                               interrupts
C:   00002016  _int4                              interrupts
C:   00002017  _int5                              interrupts
C:   00002018  _int6                              interrupts
C:   00002019  _get_status                        interrupts
C:   0000201A  _clear_feature                     interrupts
C:   0000201B  _reserve                           interrupts
C:   0000201E  _set_feature                       interrupts
C:   0000201F  _set_adr                           interrupts
C:   00002020  _get_descriptor                    interrupts
C:   0000217E  _set_descriptor                    interrupts
C:   0000217F  _get_configurated                  interrupts
C:   00002180  _set_configurated                  interrupts
C:   00002181  _get_interface                     interrupts
C:   00002182  _set_interface                     interrupts
C:   00002183  _synch_frame                       interrupts
C:   00002184  _SUDAV                             interrupts
C:   00002259  _SOF                               interrupts
C:   0000225A  _SUTOC                             interrupts
C:   0000225B  _SUSPEND                           interrupts
C:   0000225C  _USB_RESET                         interrupts
C:   0000225D  _HISPEED                           interrupts
C:   0000225E  _EP0ACK                            interrupts
C:   0000225F  __reserved_                        interrupts
C:   00002260  _EP0IN                             interrupts
C:   00002261  _EP0OUT                            interrupts
C:   00002262  _EP1IN                             interrupts
C:   00002263  _EP1OUT                            interrupts
C:   00002264  _EP2                               interrupts
C:   00002265  _EP4                               interrupts
C:   00002266  _EP6                               interrupts
C:   00002267  _EP8                               interrupts
C:   00002268  _IBN                               interrupts
C:   00002269  __reserved2_                       interrupts
C:   0000226A  _EP0PING                           interrupts
C:   0000226B  _EP1PING                           interrupts
C:   0000226C  _EP2PING                           interrupts
C:   0000226D  _EP4PING                           interrupts
C:   0000226E  _EP6PING                           interrupts
C:   0000226F  _EP8PING                           interrupts
ASxxxx Linker V03.00 + NoICE + sdld,  page 19.
Hexadecimal  [32-Bits]

Area                                    Addr        Size        Decimal Bytes (Attributes)
--------------------------------        ----        ----        ------- ----- ------------
USB_INTERRUPTS                      00002000    000002C6 =         710. bytes (REL,CON,CODE)

      Value  Global                              Global Defined In Module
      -----  --------------------------------   ------------------------
C:   00002270  _ERRLIMIT                          interrupts
C:   00002271  __reserved3_                       interrupts
C:   00002272  __reserved4_                       interrupts
C:   00002273  __reserved5_                       interrupts
C:   00002274  _EP2ISOERR                         interrupts
C:   00002275  _EP4ISOERR                         interrupts
C:   00002276  _EP6ISOERR                         interrupts
C:   00002277  _EP8ISOERR                         interrupts
C:   00002278  _send_byte_uart_9600               interrupts

ASxxxx Linker V03.00 + NoICE + sdld,  page 20.
Hexadecimal  [32-Bits]

Area                                    Addr        Size        Decimal Bytes (Attributes)
--------------------------------        ----        ----        ------- ----- ------------
TABLE                               00001000    0000005E =          94. bytes (REL,CON,CODE)

      Value  Global                              Global Defined In Module
      -----  --------------------------------   ------------------------
C:   00001000  _descr                             table
C:   00001012  _configuration0                    table
C:   00001032  _string0                           table
C:   00001036  _string1                           table
C:   00001042  _string2                           table

ASxxxx Linker V03.00 + NoICE + sdld,  page 21.

Files Linked                              [ module(s) ]

D:\ProgramData\CodeBlocks\msc-51\fx2lp\usb_first_step\out\main.rel
                                          [  ]
D:\ProgramData\CodeBlocks\msc-51\fx2lp\usb_first_step\out\interrupts.rel
                                          [  ]
D:\ProgramData\CodeBlocks\msc-51\fx2lp\usb_first_step\out\table.rel
                                          [  ]


Libraries Linked                          [ object file ]

d:\sdcc\bin\..\lib\small/mcs51.lib        [ crtclear.rel ]
d:\sdcc\bin\..\lib\small/mcs51.lib        [ crtxinit.rel ]
d:\sdcc\bin\..\lib\small/mcs51.lib        [ crtxclear.rel ]
d:\sdcc\bin\..\lib\small/mcs51.lib        [ crtcall.rel ]
d:\sdcc\bin\..\lib\small/mcs51.lib        [ crtstart.rel ]
d:\sdcc\bin\..\lib\small/libsdcc.lib      [ _startup.rel ]

ASxxxx Linker V03.00 + NoICE + sdld,  page 22.

User Base Address Definitions

HOME = 0x0000
XSEG = 0x0001
PSEG = 0x0001
ISEG = 0x0000
BSEG = 0x0000
USB_INTERRUPTS=0x2000
TABLE=0x1000

